// Jest Snapshot v1, https://goo.gl/fbAQLP

exports[`renders compression settings correctly 1`] = `
<div>
  <div>
    <div
      className="ui toggle checkbox"
      onChange={[Function]}
      onClick={[Function]}
      onMouseDown={[Function]}
    >
      <input
        checked={false}
        className="hidden"
        name={undefined}
        readOnly={true}
        tabIndex={0}
        type="checkbox"
        value={undefined}
      />
      <label>
        Convert to black & white
      </label>
    </div>
  </div>
  <div
    style={
      Object {
        "marginTop": "1em",
      }
    }
  >
    <div
      aria-busy={undefined}
      aria-disabled={undefined}
      aria-expanded={false}
      aria-multiselectable={undefined}
      className="ui fluid selection dropdown"
      onBlur={[Function]}
      onChange={[Function]}
      onClick={[Function]}
      onFocus={[Function]}
      onMouseDown={[Function]}
      role="listbox"
      tabIndex={0}
    >
      <div
        aria-live="polite"
        className="text"
        role="alert"
      />
      <i
        aria-hidden="true"
        className="dropdown icon"
        onClick={[Function]}
      />
      <div
        className="menu transition"
      >
        <div
          aria-checked={false}
          aria-disabled={undefined}
          aria-selected={true}
          className="selected item"
          onClick={[Function]}
          role="option"
          style={
            Object {
              "pointerEvents": "all",
            }
          }
        >
          <span
            className="text"
          >
            Low compression (JPG 80)
          </span>
        </div>
        <div
          aria-checked={false}
          aria-disabled={undefined}
          aria-selected={false}
          className="item"
          onClick={[Function]}
          role="option"
          style={
            Object {
              "pointerEvents": "all",
            }
          }
        >
          <span
            className="text"
          >
            Medium compression (JPG 60)
          </span>
        </div>
        <div
          aria-checked={false}
          aria-disabled={undefined}
          aria-selected={false}
          className="item"
          onClick={[Function]}
          role="option"
          style={
            Object {
              "pointerEvents": "all",
            }
          }
        >
          <span
            className="text"
          >
            High compression (JPG 40)
          </span>
        </div>
        <div
          aria-checked={false}
          aria-disabled={undefined}
          aria-selected={false}
          className="item"
          onClick={[Function]}
          role="option"
          style={
            Object {
              "pointerEvents": "all",
            }
          }
        >
          <span
            className="text"
          >
            Extreme compression (JPG 20)
          </span>
        </div>
      </div>
    </div>
  </div>
  <div
    style={
      Object {
        "marginTop": "1em",
      }
    }
  >
    <div
      className="ui fluid action labeled input"
    >
      <div
        className="ui label label"
        onClick={[Function]}
      >
        URL
      </div>
      <input
        disabled={undefined}
        onChange={[Function]}
        tabIndex={undefined}
        type="url"
        value="http://test.io"
      />
      <button
        className="ui icon button"
        disabled={undefined}
        onClick={[Function]}
        role="button"
        tabIndex={undefined}
      >
        <i
          aria-hidden="true"
          className="history icon"
        />
      </button>
    </div>
  </div>
</div>
`;
