// Jest Snapshot v1, https://goo.gl/fbAQLP

exports[`renders footer correctly 1`] = `
<div
  className="ui right aligned container"
  style={
    Object {
      "padding": "1em 0",
    }
  }
>
  <a
    className="ui basic icon right labeled button"
    disabled={undefined}
    href="https://bandwidth-hero.com/"
    onClick={[Function]}
    role="button"
    tabIndex={undefined}
    target="_blank"
  >
    <i
      aria-hidden="true"
      className="home icon"
    />
    How it works?
  </a>
</div>
`;
